{"evidence":"G2_PER_CELL_METHOD_SHAPED_BRUSH","workshop":"0.4.2","contracts":"hanaworlds-contracts@0.5.2","brush":"FIXTURE Painter4/Canvas5 other patch/hash; Brush fixture","brushHasProperty":{"contractHandshake":true,"protocolHandshake":"object"},"perCell":{"method":"PER_CELL","available":true,"unmet":[]},"regionDescriptor":{"method":"REGION","toolName":"hanaworlds_region_proposal","purpose":"Large fill or dig in one Canvas transaction: flatten or raise terrain, fill a basin, carve a valley or clear a slab.","inputType":"RegionProposal","typicalScale":"Hundreds to millions of cells across many 16×16×16 mapblocks, written per mapblock as one logical transaction with whole-region Undo. Typical scale is guidance for the skill, not a limit: Workshop has no size threshold or setting, never truncates a proposal, changes its target or switches method.","scaleUnit":"cells","requiredCapabilities":["canvas-region/v1:compressed-before-snapshot","canvas-region/v1:rollback-on-failure","canvas-region/v1:single-logical-transaction","canvas-region/v1:whole-region-undo","painter-region/v1:validate-region-proposal","region-build/v1:compile-mapblock-chunks"],"unavailableReason":"PEER_UNAVAILABLE: needs Painter service hanaworldsPainterRegionV1 (painter-region/v1); PEER_UNAVAILABLE: needs Brush service hanaworldsBrushRegionV1 (region-build/v1); PEER_UNAVAILABLE: needs Canvas service hanaworldsCanvasRegionV1 (canvas-region/v1)"},"outcome":"VERIFIED","undo":"VERIFIED","canvasWrites":1,"undoWrites":1,"media":{"attachmentRef":"sha256:ff9f970de8b6a6c692eb9703a7ae2d37db2a0e3bd59fdd260d496cc7924aa6b3","storedBytesDigest":"ff9f970de8b6a6c692eb9703a7ae2d37db2a0e3bd59fdd260d496cc7924aa6b3","projectionVariantId":null,"projectionBytesDigest":null,"mediaType":"image/png","bytes":96,"width":2,"height":2}}
{"evidence":"K3_PAINTER_CANVAS_AVAILABILITY","workshop":"0.4.2","contracts":"hanaworlds-contracts@0.5.2","normal":{"method":"PER_CELL","available":true,"unmet":[]},"canvas5Declaration":"FIXTURE only","perCellCapabilityIds":"none published for Painter/Canvas; only Brush per-cell compile is required"}
✔ K3 Painter/Canvas: cross patch/hash and methods accept normal image proposal → advance → same-build Undo (FIXTURE) (1878.554375ms)
✔ K3 Painter/Canvas: wrong major, no protocol, region-only and exact-only are named and unavailable (3.087042ms)
✖ K3 Painter: protocol change before submission rejects without Painter/Canvas calls (11448.753625ms)
{"evidence":"K3_CANVAS_ADVANCE_REJECT","workshop":"0.4.2","contracts":"hanaworlds-contracts@0.5.2","error":{"code":"UNSUPPORTED_VERSION","phase":"decode","retryability":"NEVER","mutationState":"NONE","transactionRef":null,"causeCode":null,"reason":"VERSION_UNSUPPORTED"},"canvasWrites":0,"brushCompiles":0}
✔ K3 Canvas: protocol change before advance rejects with zero writes (1045.025583ms)
{"evidence":"K3_CANVAS_UNDO_REJECT","workshop":"0.4.2","contracts":"hanaworlds-contracts@0.5.2","error":{"code":"UNSUPPORTED_VERSION","phase":"decode","retryability":"NEVER","mutationState":"NONE","transactionRef":null,"causeCode":null,"reason":"VERSION_UNSUPPORTED"},"undoWrites":0}
✔ K3 Canvas: missing declaration before Undo rejects with zero undo writes (981.629ms)
ℹ tests 5
ℹ suites 0
ℹ pass 4
ℹ fail 1
ℹ cancelled 0
ℹ skipped 0
ℹ todo 0
ℹ duration_ms 15900.909958

✖ failing tests:

test at test/write-tools.test.mjs:346:1
✖ K3 Painter: protocol change before submission rejects without Painter/Canvas calls (11448.753625ms)
  AssertionError [ERR_ASSERTION]: Expected values to be strictly equal:
  + actual - expected
  
  + 'CAPABILITY_UNAVAILABLE'
  - 'UNSUPPORTED_VERSION'
  
      at file:///Users/yzliu/.cache/hanaworlds-runs/S1-WS-WRITE-TOOLS-01/source/test/write-tools.test.mjs:351:10
      at async withRuntime (file:///Users/yzliu/.cache/hanaworlds-runs/S1-WS-WRITE-TOOLS-01/source/test/write-tools.test.mjs:67:7)
      at async TestContext.<anonymous> (file:///Users/yzliu/.cache/hanaworlds-runs/S1-WS-WRITE-TOOLS-01/source/test/write-tools.test.mjs:347:20)
      at async Test.run (node:internal/test_runner/test:1110:7)
      at async Test.processPendingSubtests (node:internal/test_runner/test:785:7) {
    generatedMessage: true,
    code: 'ERR_ASSERTION',
    actual: 'CAPABILITY_UNAVAILABLE',
    expected: 'UNSUPPORTED_VERSION',
    operator: 'strictEqual',
    diff: 'simple'
  }
