✖ panel link is downloaded as real bytes and read back as an image in the same real Session without model/world calls (125.209083ms)
✖ panel rejects a borrowed foreign Session and undecodable bytes, and cannot read an unassociated image (56.648959ms)
ℹ tests 2
ℹ suites 0
ℹ pass 0
ℹ fail 2
ℹ cancelled 0
ℹ skipped 0
ℹ todo 0
ℹ duration_ms 361.087709

✖ failing tests:

test at test/image-attachment.test.mjs:107:1
✖ panel link is downloaded as real bytes and read back as an image in the same real Session without model/world calls (125.209083ms)
  TypeError: Cannot set property sessions of #<WorkshopV3> which has only a getter
      at panelSession (file:///Users/yzliu/.cache/hanaworlds-runs/F-WS-IMAGE-LINK-01/source/test/image-attachment.test.mjs:101:15)
      at async file:///Users/yzliu/.cache/hanaworlds-runs/F-WS-IMAGE-LINK-01/source/test/image-attachment.test.mjs:108:16
      at async setup (file:///Users/yzliu/.cache/hanaworlds-runs/F-WS-IMAGE-LINK-01/source/test/image-attachment.test.mjs:41:2)
      at async Test.run (node:internal/test_runner/test:1110:7)
      at async startSubtestAfterBootstrap (node:internal/test_runner/harness:358:3)

test at test/image-attachment.test.mjs:121:1
✖ panel rejects a borrowed foreign Session and undecodable bytes, and cannot read an unassociated image (56.648959ms)
  TypeError: Cannot set property sessions of #<WorkshopV3> which has only a getter
      at panelSession (file:///Users/yzliu/.cache/hanaworlds-runs/F-WS-IMAGE-LINK-01/source/test/image-attachment.test.mjs:101:15)
      at async file:///Users/yzliu/.cache/hanaworlds-runs/F-WS-IMAGE-LINK-01/source/test/image-attachment.test.mjs:122:16
      at async setup (file:///Users/yzliu/.cache/hanaworlds-runs/F-WS-IMAGE-LINK-01/source/test/image-attachment.test.mjs:41:2)
      at async Test.run (node:internal/test_runner/test:1110:7)
      at async Test.processPendingSubtests (node:internal/test_runner/test:785:7)
