✖ standalone entry declares a callable localhost service (0.5385ms)
ℹ tests 1
ℹ suites 0
ℹ pass 0
ℹ fail 1
ℹ cancelled 0
ℹ skipped 0
ℹ todo 0
ℹ duration_ms 37.982292

✖ failing tests:

test at test/web-entry.test.mjs:4:1
✖ standalone entry declares a callable localhost service (0.5385ms)
  Error [ERR_MODULE_NOT_FOUND]: Cannot find module '/Users/yzliu/.cache/hanaworlds-runs/F-WS-IMAGE-LINK-01/source/web/server.mjs' imported from /Users/yzliu/.cache/hanaworlds-runs/F-WS-IMAGE-LINK-01/source/test/web-entry.test.mjs
      at finalizeResolution (node:internal/modules/esm/resolve:275:11)
      at moduleResolve (node:internal/modules/esm/resolve:866:10)
      at defaultResolve (node:internal/modules/esm/resolve:992:11)
      at #cachedDefaultResolve (node:internal/modules/esm/loader:719:20)
      at #resolveAndMaybeBlockOnLoaderThread (node:internal/modules/esm/loader:736:38)
      at ModuleLoader.resolveSync (node:internal/modules/esm/loader:765:52)
      at #resolve (node:internal/modules/esm/loader:701:17)
      at ModuleLoader.getOrCreateModuleJob (node:internal/modules/esm/loader:621:35)
      at onImport.tracePromise.__proto__ (node:internal/modules/esm/loader:650:32)
      at TracingChannel.tracePromise (node:diagnostics_channel:350:14) {
    code: 'ERR_MODULE_NOT_FOUND',
    url: 'file:///Users/yzliu/.cache/hanaworlds-runs/F-WS-IMAGE-LINK-01/source/web/server.mjs'
  }
