✖ new localhost entry exposes its fixture identity and refuses foreign origins or borrowed Sessions (22.986625ms)
ℹ tests 1
ℹ suites 0
ℹ pass 0
ℹ fail 1
ℹ cancelled 0
ℹ skipped 0
ℹ todo 0
ℹ duration_ms 122.05225

✖ failing tests:

test at test/web-entry.test.mjs:5:1
✖ new localhost entry exposes its fixture identity and refuses foreign origins or borrowed Sessions (22.986625ms)
  AssertionError [ERR_ASSERTION]: {"error":"session \"workshop-example-2d29c3ba-1e1b-49c8-ad68-d18dbae8d396\" not found","fixture":{"kind":"FIXTURE","label":"示例对话（FIXTURE）","writer":"示例 Session 持久化桥；非正式 App Host","modelCalls":0,"worldWrites":0}}
  
  422 !== 200
  
      at TestContext.<anonymous> (file:///Users/yzliu/.cache/hanaworlds-runs/F-WS-IMAGE-LINK-01/source/test/web-entry.test.mjs:13:47)
      at process.processTicksAndRejections (node:internal/process/task_queues:103:5)
      at async Test.run (node:internal/test_runner/test:1110:7)
      at async startSubtestAfterBootstrap (node:internal/test_runner/harness:358:3) {
    generatedMessage: false,
    code: 'ERR_ASSERTION',
    actual: 422,
    expected: 200,
    operator: 'strictEqual',
    diff: 'simple'
  }
